// Vitest Snapshot v1, https://vitest.dev/guide/snapshot.html

exports[`features/rooms/open-room/open-room > should render link with button styles 1`] = `
<a
  class="MuiButtonBase-root MuiButton-root MuiButton-contained MuiButton-containedPrimary MuiButton-sizeMedium MuiButton-containedSizeMedium MuiButton-disableElevation MuiButton-root MuiButton-contained MuiButton-containedPrimary MuiButton-sizeMedium MuiButton-containedSizeMedium MuiButton-disableElevation css-zddlty-MuiButtonBase-root-MuiButton-root"
  href="/rooms/123/tasks"
  tabindex="0"
>
  actions.open
  <span
    class="MuiTouchRipple-root css-8je8zh-MuiTouchRipple-root"
  />
</a>
`;
