// Vitest Snapshot v1, https://vitest.dev/guide/snapshot.html

exports[`features/invitation/reject-invitation/ui > should render button to reject 1`] = `
<button
  class="MuiButtonBase-root MuiButton-root MuiButton-text MuiButton-textError MuiButton-sizeMedium MuiButton-textSizeMedium MuiButton-root MuiButton-text MuiButton-textError MuiButton-sizeMedium MuiButton-textSizeMedium css-k37vwo-MuiButtonBase-root-MuiButton-root"
  tabindex="0"
  type="button"
>
  actions.reject.actions.button
  <span
    class="MuiTouchRipple-root css-8je8zh-MuiTouchRipple-root"
  />
</button>
`;
