// Vitest Snapshot v1, https://vitest.dev/guide/snapshot.html

exports[`features/rooms/create-room/open-create-room > should render button with icon 1`] = `
<button
  aria-label="actions.create_room.actions.open"
  class="MuiButtonBase-root MuiIconButton-root MuiIconButton-sizeMedium css-78trlr-MuiButtonBase-root-MuiIconButton-root"
  tabindex="0"
  type="button"
>
  <svg
    aria-hidden="true"
    class="MuiSvgIcon-root MuiSvgIcon-fontSizeMedium css-i4bv87-MuiSvgIcon-root"
    data-testid="AddIcon"
    focusable="false"
    viewBox="0 0 24 24"
  >
    <path
      d="M19 13h-6v6h-2v-6H5v-2h6V5h2v6h6v2z"
    />
  </svg>
  <span
    class="MuiTouchRipple-root css-8je8zh-MuiTouchRipple-root"
  />
</button>
`;
