// Vitest Snapshot v1, https://vitest.dev/guide/snapshot.html

exports[`features/activities/open-all-room-activities/open-all-room-activities > should render link looks like button 1`] = `
<a
  class="MuiButtonBase-root MuiButton-root MuiButton-text MuiButton-textPrimary MuiButton-sizeMedium MuiButton-textSizeMedium MuiButton-root MuiButton-text MuiButton-textPrimary MuiButton-sizeMedium MuiButton-textSizeMedium css-15qnkk1-MuiButtonBase-root-MuiButton-root"
  href="/rooms/123/activities"
  tabindex="0"
>
  blocks.last_activities.actions.open
  <span
    class="MuiTouchRipple-root css-8je8zh-MuiTouchRipple-root"
  />
</a>
`;
