// Vitest Snapshot v1, https://vitest.dev/guide/snapshot.html

exports[`features/rooms/remove-room/remove-item > should render menu item with text and icon 1`] = `
<li
  class="MuiButtonBase-root MuiMenuItem-root MuiMenuItem-gutters MuiMenuItem-root MuiMenuItem-gutters css-kk1bwy-MuiButtonBase-root-MuiMenuItem-root"
  role="menuitem"
  tabindex="-1"
>
  <div
    class="MuiListItemIcon-root css-cveggr-MuiListItemIcon-root"
  >
    <svg
      aria-hidden="true"
      class="MuiSvgIcon-root MuiSvgIcon-fontSizeMedium css-i4bv87-MuiSvgIcon-root"
      data-testid="DeleteIcon"
      focusable="false"
      viewBox="0 0 24 24"
    >
      <path
        d="M6 19c0 1.1.9 2 2 2h8c1.1 0 2-.9 2-2V7H6v12zM19 4h-3.5l-1-1h-5l-1 1H5v2h14V4z"
      />
    </svg>
  </div>
  actions.remove_room.name
  <span
    class="MuiTouchRipple-root css-8je8zh-MuiTouchRipple-root"
  />
</li>
`;
