// Vitest Snapshot v1, https://vitest.dev/guide/snapshot.html

exports[`features/page/change-language/ui > should render select to choose language 1`] = `
<div
  aria-controls=":r1:"
  aria-expanded="false"
  aria-haspopup="listbox"
  aria-labelledby=":r0:-label :r0:"
  class="MuiSelect-select MuiSelect-standard MuiInputBase-input MuiInput-input MuiInputBase-inputSizeSmall css-jd1zyo-MuiSelect-select-MuiInputBase-input-MuiInput-input"
  id=":r0:"
  role="combobox"
  tabindex="0"
>
  <span
    class="notranslate"
  >
    ​
  </span>
</div>
`;
