// Vitest Snapshot v1, https://vitest.dev/guide/snapshot.html

exports[`features/invitation/approve-invitation/ui > should render button with right text 1`] = `
<button
  class="MuiButtonBase-root MuiButton-root MuiButton-text MuiButton-textSuccess MuiButton-sizeMedium MuiButton-textSizeMedium MuiButton-root MuiButton-text MuiButton-textSuccess MuiButton-sizeMedium MuiButton-textSizeMedium css-139m32n-MuiButtonBase-root-MuiButton-root"
  tabindex="0"
  type="button"
>
  actions.approve.actions.button
  <span
    class="MuiTouchRipple-root css-8je8zh-MuiTouchRipple-root"
  />
</button>
`;
